
> client@0.0.0 build
> tsc -b && vite build

src/components/chat/ChatArea.tsx(4,1): error TS6133: 'Navbar' is declared but its value is never read.
src/components/chat/ChatArea.tsx(6,20): error TS6133: 'Plus' is declared but its value is never read.
